// Vitest Snapshot v1

exports[`constructShape > should group data by name and omit name 1`] = `
{
  "gatsby-starter-minimal-blog": [
    {
      "createdAt": "2020-07-17",
      "forks": 154,
      "stars": 517,
      "url": "https://github.com/LekoArts/gatsby-starter-minimal-blog",
    },
    {
      "createdAt": "2020-07-18",
      "forks": 153,
      "stars": 517,
      "url": "https://github.com/LekoArts/gatsby-starter-minimal-blog",
    },
  ],
  "gatsby-starter-portfolio-bella": [
    {
      "createdAt": "2020-07-17",
      "forks": 19,
      "stars": 113,
      "url": "https://github.com/LekoArts/gatsby-starter-portfolio-bella",
    },
    {
      "createdAt": "2020-07-18",
      "forks": 18,
      "stars": 113,
      "url": "https://github.com/LekoArts/gatsby-starter-portfolio-bella",
    },
  ],
  "gatsby-themes": [
    {
      "createdAt": "2020-07-17",
      "forks": 243,
      "stars": 745,
      "url": "https://github.com/LekoArts/gatsby-themes",
    },
    {
      "createdAt": "2020-07-18",
      "forks": 245,
      "stars": 749,
      "url": "https://github.com/LekoArts/gatsby-themes",
    },
  ],
}
`;

exports[`nivoGithubFormatter > should output correct shape via input 1`] = `
[
  {
    "data": [
      {
        "x": "2020-07-17",
        "y": 113,
      },
      {
        "x": "2020-07-18",
        "y": 113,
      },
    ],
    "id": "gatsby-starter-portfolio-bella",
  },
  {
    "data": [
      {
        "x": "2020-07-17",
        "y": 517,
      },
      {
        "x": "2020-07-18",
        "y": 517,
      },
    ],
    "id": "gatsby-starter-minimal-blog",
  },
  {
    "data": [
      {
        "x": "2020-07-17",
        "y": 745,
      },
      {
        "x": "2020-07-18",
        "y": 749,
      },
    ],
    "id": "gatsby-themes",
  },
]
`;

exports[`nivoTwitterFormatter > should output correct shape via input 1`] = `
[
  {
    "data": [
      {
        "x": "2020-07-16",
        "y": 1126,
      },
      {
        "x": "2020-07-17",
        "y": 1137,
      },
      {
        "x": "2020-07-18",
        "y": 1150,
      },
    ],
    "id": "followers",
  },
]
`;
